###############################################################
#  Generated by:      Cadence Innovus 25.10-p002_1
#  OS:                Linux x86_64(Host ID tallinn.emse.fr)
#  Generated on:      Thu Aug 20 16:31:15 2026
#  Design:            fca2005
#  Command:           report_timing -unconstrained > ${lyt_folder}/reports/${design}_timing.rpt
###############################################################
Path 1:
               View: analysis_normal_fast_min
         Startpoint: (R) day[0]
              Clock:
           Endpoint: (F) weekday[2]
              Clock:

                       Capture       Launch
        Src Latency:+    0.000        0.000
        Net Latency:+    0.000 (I)    0.000 (I)
            Arrival:=    0.000        0.000

       Launch Clock:=    0.000
          Data Path:+    1.043

#--------------------------------------------------------------------------------------------------------------
# Timing Point                               Flags  Arc         Edge  Cell       Fanout  Trans   Delay  Arrival  
#                                                                                         (ns)    (ns)     (ns)  
#--------------------------------------------------------------------------------------------------------------
  day[0]                                     -      day[0]      R     (arrival)       1  0.003   0.000    0.000  
  csa_tree_ADD_TC_OP_3_groupi_g1211__4319/S  -      B->S        R     FAHDX0          1  0.003   0.164    0.164  
  csa_tree_ADD_TC_OP_3_groupi_g1204__1666/S  -      CI->S       R     FAHDX0          1  0.098   0.216    0.380  
  mod7_total/g817__1617/S                    -      B->S        R     FAHDX0          2  0.148   0.185    0.565  
  mod7_total/g807__2398/Q                    -      B->Q        F     NO2HDX0         2  0.090   0.079    0.644  
  mod7_total/g806__5477/Q                    -      A->Q        R     NO2HDX0         2  0.060   0.155    0.798  
  mod7_total/g2__1705/Q                      -      C->Q        F     NO22HDX0        1  0.172   0.244    1.043  
  weekday[2]                                 -      weekday[2]  F     -               1  0.233   0.000    1.043  
#--------------------------------------------------------------------------------------------------------------

