###############################################################
#  Generated by:      Cadence Innovus 25.10-p002_1
#  OS:                Linux x86_64(Host ID tallinn.emse.fr)
#  Generated on:      Thu Aug 20 18:00:20 2026
#  Design:            top
#  Command:           report_timing -unconstrained > ${lyt_folder}/reports/${design}_timing.rpt
###############################################################
Path 1:
               View: analysis_normal_fast_min
         Startpoint: (F) clk
              Clock:
           Endpoint: (F) uart/recv_divcnt_reg[7]/C
              Clock:

                       Capture       Launch
        Src Latency:+    0.000        0.000
        Net Latency:+    0.000 (I)    0.000 (I)
            Arrival:=    0.000        0.000

       Launch Clock:=    0.000
          Data Path:+    0.000

#---------------------------------------------------------------------------------------
# Timing Point               Flags  Arc  Edge  Cell       Fanout  Trans   Delay  Arrival  
#                                                                  (ns)    (ns)     (ns)  
#---------------------------------------------------------------------------------------
  clk                        -      clk  F     (arrival)      38  0.003   0.000    0.000  
  uart/recv_divcnt_reg[7]/C  -      C    F     DFRQHDX0       38  0.004   0.000    0.000  
#---------------------------------------------------------------------------------------

