 ---------------------------------------------------------------------------------------------------------------------- 
| Snapshot           | WNS                  | TNS                  | Density (%) | Resource               | DRVs       |
|                    | HEPG (ns) | ALL (ns) | HEPG (ns) | ALL (ns) |             | Real (s) | Memory (MB) | Tran | Cap |
|--------------------+-----------+----------+-----------+----------+-------------+----------+-------------+------+-----|
| initial_summary    |           |          |           |          |       79.90 | 0:00:08  |        3138 |    0 |   0 |
| drv_eco_fixing     |     0.000 |    0.000 |         0 |        0 |       79.90 | 0:00:04  |        3145 |    0 |   0 |
| wns_fixing         |     0.000 |    0.000 |         0 |        0 |       79.90 | 0:00:04  |        3165 |      |     |
| tns_fixing         |     0.000 |    0.000 |         0 |        0 |       79.90 | 0:00:04  |        3170 |      |     |
| route_type_fixing  |           |          |           |          |             | 0:00:00  |        3163 |      |     |
| pre_route_summary  |           |          |           |          |       79.90 | 0:00:00  |        3161 |    0 |   0 |
| eco_route          |           |          |           |          |             | 0:00:12  |        3112 |      |     |
| post_route_summary |           |          |           |          |       79.90 | 0:00:03  |        3123 |    0 |   0 |
| final_summary      |           |    0.000 |           |        0 |       79.90 | 0:00:02  |        3124 |    0 |   0 |
 ---------------------------------------------------------------------------------------------------------------------- 
