 ------------------------------------------------------------------------------------------------------------------------------------------------------- 
| Snapshot                | WNS                  | TNS                  | Density (%) | Hotspot                   | Resource               | DRVs       |
|                         | HEPG (ns) | ALL (ns) | HEPG (ns) | ALL (ns) |             | Max (bins) | Total (bins) | Real (s) | Memory (MB) | Tran | Cap |
|-------------------------+-----------+----------+-----------+----------+-------------+------------+--------------+----------+-------------+------+-----|
| initial_summary         |           |          |           |          |       79.85 |            |              | 0:00:02  |        2967 |    0 |   0 |
| simplify_netlist        |           |          |           |          |             |            |              | 0:00:03  |        2972 |      |     |
| drv_fixing              |           |          |           |          |             |            |              | 0:00:01  |        2973 |      |     |
| global_opt              |           |    0.000 |           |        0 |       79.85 |            |              | 0:00:04  |        2975 |      |     |
| area_reclaiming         |     0.000 |    0.000 |         0 |        0 |       79.85 |            |              | 0:00:06  |        2978 |      |     |
| incremental_replacement |           |          |           |          |             |       0.00 |         0.00 | 0:00:06  |        3000 |      |     |
| tns_fixing              |     0.000 |    0.000 |         0 |        0 |       79.85 |            |              | 0:00:04  |        3006 |      |     |
| wns_fixing              |     0.000 |    0.000 |         0 |        0 |       79.85 |            |              | 0:00:03  |        2998 |      |     |
| tns_fixing_2            |     0.000 |    0.000 |         0 |        0 |       79.85 |            |              | 0:00:04  |        3000 |      |     |
| area_reclaiming_2       |     0.000 |    0.000 |         0 |        0 |       79.85 |            |              | 0:00:02  |        2998 |      |     |
| area_reclaiming_3       |     0.000 |    0.000 |         0 |        0 |       79.85 |            |              | 0:00:03  |        2998 |      |     |
| drv_eco_fixing          |     0.000 |    0.000 |         0 |        0 |       79.90 |            |              | 0:00:02  |        3015 |    0 |   0 |
| legalization            |           |          |           |          |             |            |              | 0:00:00  |        3015 |      |     |
| final_summary           |           |    0.000 |           |        0 |       79.90 |            |              | 0:00:02  |        3005 |    0 |   0 |
 ------------------------------------------------------------------------------------------------------------------------------------------------------- 
