 ------------------------------------------------------------------------------------------------------------------------------------------------------- 
| Snapshot                | WNS                  | TNS                  | Density (%) | Hotspot                   | Resource               | DRVs       |
|                         | HEPG (ns) | ALL (ns) | HEPG (ns) | ALL (ns) |             | Max (bins) | Total (bins) | Real (s) | Memory (MB) | Tran | Cap |
|-------------------------+-----------+----------+-----------+----------+-------------+------------+--------------+----------+-------------+------+-----|
| initial_summary         |           |          |           |          |       79.93 |            |              | 0:00:02  |        2938 |    0 |   0 |
| simplify_netlist        |           |          |           |          |             |            |              | 0:00:03  |        2943 |      |     |
| drv_fixing              |           |          |           |          |             |            |              | 0:00:01  |        2944 |      |     |
| global_opt              |           |    0.000 |           |        0 |       79.93 |            |              | 0:00:04  |        2945 |      |     |
| area_reclaiming         |     0.000 |    0.000 |         0 |        0 |       79.93 |            |              | 0:00:05  |        2949 |      |     |
| incremental_replacement |           |          |           |          |             |       0.00 |         0.00 | 0:00:04  |        2968 |      |     |
| tns_fixing              |     0.000 |    0.000 |         0 |        0 |       79.93 |            |              | 0:00:03  |        2970 |      |     |
| wns_fixing              |     0.000 |    0.000 |         0 |        0 |       79.93 |            |              | 0:00:03  |        2966 |      |     |
| tns_fixing_2            |     0.000 |    0.000 |         0 |        0 |       79.93 |            |              | 0:00:04  |        2965 |      |     |
| area_reclaiming_2       |     0.000 |    0.000 |         0 |        0 |       79.93 |            |              | 0:00:02  |        2962 |      |     |
| drv_eco_fixing          |     0.000 |    0.000 |         0 |        0 |       79.93 |            |              | 0:00:01  |        2963 |    0 |   0 |
| legalization            |           |          |           |          |             |            |              | 0:00:01  |        2963 |      |     |
| final_summary           |           |    0.000 |           |        0 |       79.93 |            |              | 0:00:03  |        2965 |    0 |   0 |
 ------------------------------------------------------------------------------------------------------------------------------------------------------- 
