###############################################################
#  Generated by:      Cadence Innovus 25.10-p002_1
#  OS:                Linux x86_64(Host ID tallinn.emse.fr)
#  Generated on:      Thu Aug 20 15:42:28 2026
#  Design:            fca2005
#  Command:           suspend
###############################################################

Start Checking pins of top cell: [fca2005] 
Summary report for top level: [fca2005] 
	Total Pins                         : 40
	Legally Assigned Pins              : 40
End of Summary report
End Checking pins of top cell: [fca2005] 


===========================================================================================================================
                                                checkPinAssignment Summary
===========================================================================================================================
Partition   | pads  | pins   | legal  | illegal | internal | internal illegal | FT     | FT illegal | constant | unplaced |
===========================================================================================================================
fca2005     |     0 |     40 |     40 |       0 |        0 |                0 |      0 |          0 |        0 |        0 |
===========================================================================================================================
TOTAL       |     0 |     40 |     40 |       0 |        0 |                0 |      0 |          0 |        0 |        0 |
===========================================================================================================================
